<html>
<body>
<pre>
<h1>µVision Build Log</h1>
<h2>Project:</h2>
D:\Students\aswin\ARM\ADC\ARM.uvproj
Project File Date:  07/18/2017

<h2>Output:</h2>
Build target 'Target 1'
assembling Startup.s...
compiling ADC.c...
ADC.c(2): warning:  #1295-D: Deprecated declaration delay - give arg types
ADC.c(6): warning:  #951-D: return type of function "main" must be "int"
linking...
Program Size: Code=1544 RO-data=16 RW-data=0 ZI-data=1256  
FromELF: creating hex file...
"ARM.axf" - 0 Error(s), 2 Warning(s).
Build target 'Target 1'
assembling Startup.s...
compiling ADC.c...
ADC.c(2): warning:  #1295-D: Deprecated declaration delay - give arg types
ADC.c(6): warning:  #951-D: return type of function "main" must be "int"
linking...
Program Size: Code=1544 RO-data=16 RW-data=0 ZI-data=1256  
FromELF: creating hex file...
"ARM.axf" - 0 Error(s), 2 Warning(s).
