<html>
<body>
<pre>
<h1>µVision Build Log</h1>
<h2>Tool Versions:</h2>
IDE-Version: µVision V5.24.2.0
Copyright (C) 2017 ARM Ltd and ARM Germany GmbH. All rights reserved.
License Information: ASWIN VT, CRUZER, LIC=----
 
Tool Versions:
Toolchain:       MDK-Lite  Version: 5.24.1
Toolchain Path:  C:\Program Files (x86)\Keil_v5\ARM\ARMCC\Bin
C Compiler:      Armcc.exe V5.06 update 5 (build 528)
Assembler:       Armasm.exe V5.06 update 5 (build 528)
Linker/Locator:  ArmLink.exe V5.06 update 5 (build 528)
Library Manager: ArmAr.exe V5.06 update 5 (build 528)
Hex Converter:   FromElf.exe V5.06 update 5 (build 528)
CPU DLL:         SARMCM3.DLL V5.24.1
Dialog DLL:      DARMP1.DLL V1.27.0.0
Target DLL:      Segger\JL2CM3.dll V2.99.26.0
Dialog DLL:      TARMP1.DLL V1.26.0.0
 
<h2>Project:</h2>
E:\My Wisdom\Works\Embedded_Systems_Basics\Projects\ARM_Cortex-M3_LPC1768\7.Quick Insert Modules\2. LDR Board\LDR Board.uvproj
Project File Date:  08/29/2018

<h2>Output:</h2>
*** Using Compiler 'V5.06 update 5 (build 528)', folder: 'C:\Program Files (x86)\Keil_v5\ARM\ARMCC\Bin'
Rebuild target 'Target 1'
assembling startup_LPC17xx.s...
compiling delay_ms.c...
compiling adc.c...
compiling split.c...
compiling gpio.c...
compiling main.c...
compiling system_LPC17xx.c...
"no source": Error:  #5: cannot open source input file "C:\Keil_v5\ARM\Startup\NXP\LPC17xx\system_LPC17xx.c": No such file or directory
C:\Keil_v5\ARM\Startup\NXP\LPC17xx\system_LPC17xx.c: 0 warnings, 1 error
compiling uart.c...
compiling uart_int.c...
linking...
Program Size: Code=1340 RO-data=252 RW-data=4 ZI-data=612  
FromELF: creating hex file...
".\Objects\LDR Board.axf" - 0 Error(s), 0 Warning(s).
Build Time Elapsed:  00:00:02
</pre>
</body>
</html>
