<html>
<body>
<pre>
<h1>µVision Build Log</h1>
<h2>Project:</h2>
D:\Students\aswin\ARM\LCD\LCD.uvproj
Project File Date:  07/17/2017

<h2>Output:</h2>
Build target 'Target 1'
assembling Startup.s...
compiling LCD.c...
LCD.c(2): warning:  #1-D: last line of file ends without a newline
LCD.c(2): warning:  #1295-D: Deprecated declaration delay - give arg types
linking...
LCD.axf: Error: L6218E: Undefined symbol main (referred from rtentry2.o).
Target not created
Build target 'Target 1'
assembling Startup.s...
compiling LCD.c...
LCD.c(2): warning:  #1295-D: Deprecated declaration delay - give arg types
LCD.c(4): warning:  #951-D: return type of function "main" must be "int"
LCD.c(7): warning:  #1-D: last line of file ends without a newline
linking...
Program Size: Code=696 RO-data=16 RW-data=0 ZI-data=1256  
FromELF: creating hex file...
"LCD.axf" - 0 Error(s), 3 Warning(s).
Build target 'Target 1'
assembling Startup.s...
compiling LCD.c...
LCD.c(4): warning:  #1295-D: Deprecated declaration delay - give arg types
LCD.c(6): warning:  #951-D: return type of function "main" must be "int"
LCD.c(41): warning:  #1-D: last line of file ends without a newline
linking...
Program Size: Code=928 RO-data=16 RW-data=0 ZI-data=1256  
FromELF: creating hex file...
"LCD.axf" - 0 Error(s), 3 Warning(s).
Build target 'Target 1'
assembling Startup.s...
compiling LCD.c...
LCD.c(4): warning:  #1295-D: Deprecated declaration delay - give arg types
LCD.c(6): warning:  #951-D: return type of function "main" must be "int"
LCD.c(43): warning:  #1-D: last line of file ends without a newline
linking...
Program Size: Code=936 RO-data=16 RW-data=0 ZI-data=1256  
FromELF: creating hex file...
"LCD.axf" - 0 Error(s), 3 Warning(s).
Build target 'Target 1'
assembling Startup.s...
compiling LCD.c...
LCD.c(4): warning:  #1295-D: Deprecated declaration delay - give arg types
LCD.c(6): warning:  #951-D: return type of function "main" must be "int"
LCD.c(47): warning:  #1-D: last line of file ends without a newline
linking...
Program Size: Code=960 RO-data=16 RW-data=0 ZI-data=1256  
FromELF: creating hex file...
"LCD.axf" - 0 Error(s), 3 Warning(s).
Build target 'Target 1'
assembling Startup.s...
compiling LCD.c...
LCD.c(4): warning:  #1295-D: Deprecated declaration delay - give arg types
LCD.c(6): warning:  #951-D: return type of function "main" must be "int"
LCD.c(44): warning:  #1-D: last line of file ends without a newline
linking...
Program Size: Code=960 RO-data=16 RW-data=0 ZI-data=1256  
FromELF: creating hex file...
"LCD.axf" - 0 Error(s), 3 Warning(s).
Build target 'Target 1'
assembling Startup.s...
compiling LCD.c...
LCD.c(4): warning:  #1295-D: Deprecated declaration delay - give arg types
LCD.c(6): warning:  #951-D: return type of function "main" must be "int"
LCD.c(44): warning:  #1-D: last line of file ends without a newline
linking...
Program Size: Code=960 RO-data=16 RW-data=0 ZI-data=1256  
FromELF: creating hex file...
"LCD.axf" - 0 Error(s), 3 Warning(s).
Build target 'Target 1'
compiling LCD.c...
LCD.c(4): warning:  #1295-D: Deprecated declaration delay - give arg types
LCD.c(6): warning:  #951-D: return type of function "main" must be "int"
LCD.c(44): warning:  #1-D: last line of file ends without a newline
linking...
Program Size: Code=976 RO-data=16 RW-data=0 ZI-data=1256  
FromELF: creating hex file...
"LCD.axf" - 0 Error(s), 3 Warning(s).
Build target 'Target 1'
assembling Startup.s...
compiling LCD.c...
LCD.c(4): warning:  #1295-D: Deprecated declaration delay - give arg types
LCD.c(6): warning:  #951-D: return type of function "main" must be "int"
LCD.c(45): warning:  #1-D: last line of file ends without a newline
linking...
Program Size: Code=980 RO-data=16 RW-data=0 ZI-data=1256  
FromELF: creating hex file...
"LCD.axf" - 0 Error(s), 3 Warning(s).
Build target 'Target 1'
assembling Startup.s...
compiling LCD.c...
LCD.c(4): warning:  #1295-D: Deprecated declaration delay - give arg types
LCD.c(6): warning:  #951-D: return type of function "main" must be "int"
LCD.c(45): warning:  #1-D: last line of file ends without a newline
linking...
Program Size: Code=968 RO-data=16 RW-data=0 ZI-data=1256  
FromELF: creating hex file...
"LCD.axf" - 0 Error(s), 3 Warning(s).
Build target 'Target 1'
assembling Startup.s...
compiling LCD.c...
LCD.c(4): warning:  #1295-D: Deprecated declaration delay - give arg types
LCD.c(6): warning:  #951-D: return type of function "main" must be "int"
LCD.c(41): warning:  #1-D: last line of file ends without a newline
linking...
Program Size: Code=944 RO-data=16 RW-data=0 ZI-data=1256  
FromELF: creating hex file...
"LCD.axf" - 0 Error(s), 3 Warning(s).
Build target 'Target 1'
assembling Startup.s...
compiling LCD.c...
LCD.c(4): warning:  #1295-D: Deprecated declaration delay - give arg types
LCD.c(6): warning:  #951-D: return type of function "main" must be "int"
LCD.c(41): warning:  #1-D: last line of file ends without a newline
linking...
Program Size: Code=944 RO-data=16 RW-data=0 ZI-data=1256  
FromELF: creating hex file...
"LCD.axf" - 0 Error(s), 3 Warning(s).
Build target 'Target 1'
assembling Startup.s...
compiling LCD.c...
LCD.c(4): warning:  #1295-D: Deprecated declaration delay - give arg types
LCD.c(6): warning:  #951-D: return type of function "main" must be "int"
LCD.c(41): warning:  #1-D: last line of file ends without a newline
linking...
Program Size: Code=960 RO-data=16 RW-data=0 ZI-data=1256  
FromELF: creating hex file...
"LCD.axf" - 0 Error(s), 3 Warning(s).
Build target 'Target 1'
assembling Startup.s...
compiling LCD.c...
LCD.c(4): warning:  #1295-D: Deprecated declaration delay - give arg types
LCD.c(6): warning:  #951-D: return type of function "main" must be "int"
LCD.c(41): warning:  #1-D: last line of file ends without a newline
linking...
Program Size: Code=944 RO-data=16 RW-data=0 ZI-data=1256  
FromELF: creating hex file...
"LCD.axf" - 0 Error(s), 3 Warning(s).
Build target 'Target 1'
assembling Startup.s...
compiling LCD.c...
LCD.c(4): warning:  #1295-D: Deprecated declaration delay - give arg types
LCD.c(6): warning:  #951-D: return type of function "main" must be "int"
linking...
Program Size: Code=944 RO-data=16 RW-data=0 ZI-data=1256  
FromELF: creating hex file...
"LCD.axf" - 0 Error(s), 2 Warning(s).
Build target 'Target 1'
assembling Startup.s...
compiling LCD.c...
LCD.c(4): warning:  #1295-D: Deprecated declaration delay - give arg types
LCD.c(6): warning:  #951-D: return type of function "main" must be "int"
LCD.c(20): error:  #65: expected a ";"
Target not created
Build target 'Target 1'
assembling Startup.s...
compiling LCD.c...
LCD.c(4): warning:  #1295-D: Deprecated declaration delay - give arg types
LCD.c(6): warning:  #951-D: return type of function "main" must be "int"
linking...
Program Size: Code=952 RO-data=16 RW-data=0 ZI-data=1256  
FromELF: creating hex file...
"LCD.axf" - 0 Error(s), 2 Warning(s).
Build target 'Target 1'
assembling Startup.s...
compiling LCD.c...
LCD.c(4): warning:  #1295-D: Deprecated declaration delay - give arg types
LCD.c(6): warning:  #951-D: return type of function "main" must be "int"
linking...
Program Size: Code=948 RO-data=16 RW-data=0 ZI-data=1256  
FromELF: creating hex file...
"LCD.axf" - 0 Error(s), 2 Warning(s).
Build target 'Target 1'
assembling Startup.s...
compiling LCD.c...
LCD.c(4): warning:  #1295-D: Deprecated declaration delay - give arg types
LCD.c(6): warning:  #951-D: return type of function "main" must be "int"
linking...
Program Size: Code=968 RO-data=16 RW-data=0 ZI-data=1256  
FromELF: creating hex file...
"LCD.axf" - 0 Error(s), 2 Warning(s).
Build target 'Target 1'
assembling Startup.s...
compiling LCD.c...
LCD.c(4): warning:  #1295-D: Deprecated declaration delay - give arg types
LCD.c(6): warning:  #951-D: return type of function "main" must be "int"
linking...
Program Size: Code=944 RO-data=16 RW-data=0 ZI-data=1256  
FromELF: creating hex file...
"LCD.axf" - 0 Error(s), 2 Warning(s).
Build target 'Target 1'
assembling Startup.s...
compiling LCD.c...
LCD.c(4): warning:  #1295-D: Deprecated declaration delay - give arg types
LCD.c(6): warning:  #951-D: return type of function "main" must be "int"
linking...
Program Size: Code=944 RO-data=16 RW-data=0 ZI-data=1256  
FromELF: creating hex file...
"LCD.axf" - 0 Error(s), 2 Warning(s).
Build target 'Target 1'
assembling Startup.s...
compiling LCD.c...
LCD.c(4): warning:  #1295-D: Deprecated declaration delay - give arg types
LCD.c(6): warning:  #951-D: return type of function "main" must be "int"
linking...
Program Size: Code=976 RO-data=16 RW-data=0 ZI-data=1256  
FromELF: creating hex file...
"LCD.axf" - 0 Error(s), 2 Warning(s).
Build target 'Target 1'
assembling Startup.s...
compiling LCD.c...
LCD.c(4): warning:  #1295-D: Deprecated declaration delay - give arg types
LCD.c(6): warning:  #951-D: return type of function "main" must be "int"
linking...
Program Size: Code=960 RO-data=16 RW-data=0 ZI-data=1256  
FromELF: creating hex file...
"LCD.axf" - 0 Error(s), 2 Warning(s).
Build target 'Target 1'
assembling Startup.s...
compiling LCD.c...
LCD.c(4): warning:  #1295-D: Deprecated declaration delay - give arg types
LCD.c(6): warning:  #951-D: return type of function "main" must be "int"
linking...
Program Size: Code=960 RO-data=16 RW-data=0 ZI-data=1256  
FromELF: creating hex file...
"LCD.axf" - 0 Error(s), 2 Warning(s).
Build target 'Target 1'
assembling Startup.s...
compiling LCD.c...
LCD.c(4): warning:  #1295-D: Deprecated declaration delay - give arg types
LCD.c(6): warning:  #951-D: return type of function "main" must be "int"
linking...
Program Size: Code=960 RO-data=16 RW-data=0 ZI-data=1256  
FromELF: creating hex file...
"LCD.axf" - 0 Error(s), 2 Warning(s).
Build target 'Target 1'
assembling Startup.s...
compiling LCD.c...
LCD.c(4): warning:  #1295-D: Deprecated declaration delay - give arg types
LCD.c(6): warning:  #951-D: return type of function "main" must be "int"
linking...
Program Size: Code=960 RO-data=16 RW-data=0 ZI-data=1256  
FromELF: creating hex file...
"LCD.axf" - 0 Error(s), 2 Warning(s).
Build target 'Target 1'
assembling Startup.s...
compiling LCD.c...
LCD.c(4): warning:  #1295-D: Deprecated declaration delay - give arg types
LCD.c(6): warning:  #951-D: return type of function "main" must be "int"
linking...
Program Size: Code=964 RO-data=16 RW-data=0 ZI-data=1256  
FromELF: creating hex file...
"LCD.axf" - 0 Error(s), 2 Warning(s).
Build target 'Target 1'
assembling Startup.s...
compiling LCD.c...
LCD.c(4): warning:  #1295-D: Deprecated declaration delay - give arg types
LCD.c(6): warning:  #951-D: return type of function "main" must be "int"
linking...
Program Size: Code=1004 RO-data=16 RW-data=0 ZI-data=1256  
FromELF: creating hex file...
"LCD.axf" - 0 Error(s), 2 Warning(s).
Build target 'Target 1'
assembling Startup.s...
compiling LCD.c...
LCD.c(4): warning:  #1295-D: Deprecated declaration delay - give arg types
LCD.c(6): warning:  #951-D: return type of function "main" must be "int"
linking...
Program Size: Code=1004 RO-data=16 RW-data=0 ZI-data=1256  
FromELF: creating hex file...
"LCD.axf" - 0 Error(s), 2 Warning(s).
Build target 'Target 1'
assembling Startup.s...
compiling LCD.c...
LCD.c(4): warning:  #1295-D: Deprecated declaration delay - give arg types
LCD.c(6): warning:  #951-D: return type of function "main" must be "int"
LCD.c(8): error:  #144: a value of type "char [6]" cannot be used to initialize an entity of type "char [4]"
Target not created
Build target 'Target 1'
assembling Startup.s...
compiling LCD.c...
LCD.c(4): warning:  #1295-D: Deprecated declaration delay - give arg types
LCD.c(6): warning:  #951-D: return type of function "main" must be "int"
linking...
Program Size: Code=1004 RO-data=16 RW-data=0 ZI-data=1256  
FromELF: creating hex file...
"LCD.axf" - 0 Error(s), 2 Warning(s).
Build target 'Target 1'
assembling Startup.s...
compiling LCD.c...
LCD.c(4): warning:  #1295-D: Deprecated declaration delay - give arg types
LCD.c(6): warning:  #951-D: return type of function "main" must be "int"
LCD.c(8): error:  #144: a value of type "char [6]" cannot be used to initialize an entity of type "char [4]"
Target not created
Build target 'Target 1'
assembling Startup.s...
compiling LCD.c...
LCD.c(4): warning:  #1295-D: Deprecated declaration delay - give arg types
LCD.c(6): warning:  #951-D: return type of function "main" must be "int"
linking...
Program Size: Code=1004 RO-data=16 RW-data=0 ZI-data=1256  
FromELF: creating hex file...
"LCD.axf" - 0 Error(s), 2 Warning(s).
Build target 'Target 1'
assembling Startup.s...
compiling LCD.c...
LCD.c(4): warning:  #1295-D: Deprecated declaration delay - give arg types
LCD.c(6): warning:  #951-D: return type of function "main" must be "int"
linking...
Program Size: Code=1008 RO-data=16 RW-data=0 ZI-data=1256  
FromELF: creating hex file...
"LCD.axf" - 0 Error(s), 2 Warning(s).
Build target 'Target 1'
assembling Startup.s...
compiling LCD.c...
LCD.c(4): warning:  #1295-D: Deprecated declaration delay - give arg types
LCD.c(6): warning:  #951-D: return type of function "main" must be "int"
linking...
Program Size: Code=1008 RO-data=16 RW-data=0 ZI-data=1256  
FromELF: creating hex file...
"LCD.axf" - 0 Error(s), 2 Warning(s).
Build target 'Target 1'
assembling Startup.s...
compiling LCD.c...
LCD.c(4): warning:  #1295-D: Deprecated declaration delay - give arg types
LCD.c(6): warning:  #951-D: return type of function "main" must be "int"
linking...
Program Size: Code=1008 RO-data=16 RW-data=0 ZI-data=1256  
FromELF: creating hex file...
"LCD.axf" - 0 Error(s), 2 Warning(s).
Build target 'Target 1'
assembling Startup.s...
compiling LCD.c...
LCD.c(4): warning:  #1295-D: Deprecated declaration delay - give arg types
LCD.c(7): warning:  #951-D: return type of function "main" must be "int"
LCD.c(9): warning:  #177-D: variable "i" was declared but never referenced
linking...
Program Size: Code=1000 RO-data=16 RW-data=0 ZI-data=1256  
FromELF: creating hex file...
"LCD.axf" - 0 Error(s), 3 Warning(s).
Build target 'Target 1'
assembling Startup.s...
compiling LCD.c...
LCD.c(4): warning:  #1295-D: Deprecated declaration delay - give arg types
LCD.c(7): warning:  #951-D: return type of function "main" must be "int"
LCD.c(9): warning:  #177-D: variable "i" was declared but never referenced
linking...
Program Size: Code=1000 RO-data=16 RW-data=0 ZI-data=1256  
FromELF: creating hex file...
"LCD.axf" - 0 Error(s), 3 Warning(s).
Build target 'Target 1'
assembling Startup.s...
compiling LCD.c...
LCD.c(4): warning:  #1295-D: Deprecated declaration delay - give arg types
LCD.c(7): warning:  #951-D: return type of function "main" must be "int"
LCD.c(9): warning:  #177-D: variable "i" was declared but never referenced
linking...
Program Size: Code=1016 RO-data=16 RW-data=0 ZI-data=1256  
FromELF: creating hex file...
"LCD.axf" - 0 Error(s), 3 Warning(s).
Build target 'Target 1'
assembling Startup.s...
compiling LCD.c...
LCD.c(4): warning:  #1295-D: Deprecated declaration delay - give arg types
LCD.c(7): warning:  #951-D: return type of function "main" must be "int"
linking...
Program Size: Code=1016 RO-data=16 RW-data=0 ZI-data=1256  
FromELF: creating hex file...
"LCD.axf" - 0 Error(s), 2 Warning(s).
