<html>
<body>
<pre>
<h1>µVision Build Log</h1>
<h2>Project:</h2>
D:\Students\aswin\ARM\Motor\Motor.uvproj
Project File Date:  07/17/2017

<h2>Output:</h2>
Build target 'Target 1'
assembling Startup.s...
compiling Motor.c...
Motor.c(3): warning:  #951-D: return type of function "main" must be "int"
Motor.c(8): error:  #20: identifier "IO0SER" is undefined
Motor.c(9): error:  #65: expected a ";"
Motor.c(10): warning:  #1-D: last line of file ends without a newline
Target not created
Build target 'Target 1'
assembling Startup.s...
compiling Motor.c...
Motor.c(3): warning:  #951-D: return type of function "main" must be "int"
Motor.c(8): error:  #20: identifier "IO0SER" is undefined
Target not created
Build target 'Target 1'
assembling Startup.s...
compiling Motor.c...
Motor.c(3): warning:  #951-D: return type of function "main" must be "int"
linking...
Program Size: Code=724 RO-data=16 RW-data=0 ZI-data=1256  
FromELF: creating hex file...
"Motor.axf" - 0 Error(s), 1 Warning(s).
Build target 'Target 1'
assembling Startup.s...
compiling Motor.c...
Motor.c(4): warning:  #1295-D: Deprecated declaration delay - give arg types
Motor.c(7): warning:  #951-D: return type of function "main" must be "int"
Motor.c(23): error:  #65: expected a ";"
Motor.c(29): error:  #65: expected a ";"
Motor.c(35): error:  #65: expected a ";"
Target not created
Build target 'Target 1'
assembling Startup.s...
compiling Motor.c...
Motor.c(4): warning:  #1295-D: Deprecated declaration delay - give arg types
Motor.c(7): warning:  #951-D: return type of function "main" must be "int"
linking...
Program Size: Code=1172 RO-data=16 RW-data=0 ZI-data=1256  
FromELF: creating hex file...
"Motor.axf" - 0 Error(s), 2 Warning(s).
Build target 'Target 1'
assembling Startup.s...
compiling Motor.c...
Motor.c(4): warning:  #1295-D: Deprecated declaration delay - give arg types
Motor.c(7): warning:  #951-D: return type of function "main" must be "int"
linking...
Program Size: Code=1172 RO-data=16 RW-data=0 ZI-data=1256  
FromELF: creating hex file...
"Motor.axf" - 0 Error(s), 2 Warning(s).
Build target 'Target 1'
assembling Startup.s...
compiling Motor.c...
Motor.c(4): warning:  #1295-D: Deprecated declaration delay - give arg types
Motor.c(7): warning:  #951-D: return type of function "main" must be "int"
linking...
Program Size: Code=1172 RO-data=16 RW-data=0 ZI-data=1256  
FromELF: creating hex file...
"Motor.axf" - 0 Error(s), 2 Warning(s).
Build target 'Target 1'
assembling Startup.s...
compiling Motor.c...
Motor.c(4): warning:  #1295-D: Deprecated declaration delay - give arg types
Motor.c(7): warning:  #951-D: return type of function "main" must be "int"
linking...
Program Size: Code=1244 RO-data=16 RW-data=0 ZI-data=1256  
FromELF: creating hex file...
"Motor.axf" - 0 Error(s), 2 Warning(s).
Build target 'Target 1'
assembling Startup.s...
compiling Motor.c...
Motor.c(4): warning:  #1295-D: Deprecated declaration delay - give arg types
Motor.c(7): warning:  #951-D: return type of function "main" must be "int"
linking...
Program Size: Code=1244 RO-data=16 RW-data=0 ZI-data=1256  
FromELF: creating hex file...
"Motor.axf" - 0 Error(s), 2 Warning(s).
Build target 'Target 1'
assembling Startup.s...
compiling Motor.c...
Motor.c(4): warning:  #1295-D: Deprecated declaration delay - give arg types
Motor.c(7): warning:  #951-D: return type of function "main" must be "int"
linking...
Program Size: Code=1244 RO-data=16 RW-data=0 ZI-data=1256  
FromELF: creating hex file...
"Motor.axf" - 0 Error(s), 2 Warning(s).
Build target 'Target 1'
assembling Startup.s...
compiling Motor.c...
Motor.c(4): warning:  #1295-D: Deprecated declaration delay - give arg types
Motor.c(7): warning:  #951-D: return type of function "main" must be "int"
linking...
Program Size: Code=1260 RO-data=16 RW-data=0 ZI-data=1256  
FromELF: creating hex file...
"Motor.axf" - 0 Error(s), 2 Warning(s).
Build target 'Target 1'
assembling Startup.s...
compiling Motor.c...
Motor.c(4): warning:  #1295-D: Deprecated declaration delay - give arg types
Motor.c(7): warning:  #951-D: return type of function "main" must be "int"
linking...
Program Size: Code=1244 RO-data=16 RW-data=0 ZI-data=1256  
FromELF: creating hex file...
"Motor.axf" - 0 Error(s), 2 Warning(s).
Build target 'Target 1'
assembling Startup.s...
compiling Motor.c...
Motor.c(4): warning:  #1295-D: Deprecated declaration delay - give arg types
Motor.c(7): warning:  #951-D: return type of function "main" must be "int"
linking...
Program Size: Code=1268 RO-data=16 RW-data=0 ZI-data=1256  
FromELF: creating hex file...
"Motor.axf" - 0 Error(s), 2 Warning(s).
Build target 'Target 1'
assembling Startup.s...
compiling Motor.c...
Motor.c(4): warning:  #1295-D: Deprecated declaration delay - give arg types
Motor.c(7): warning:  #951-D: return type of function "main" must be "int"
linking...
Program Size: Code=1252 RO-data=16 RW-data=0 ZI-data=1256  
FromELF: creating hex file...
"Motor.axf" - 0 Error(s), 2 Warning(s).
Build target 'Target 1'
assembling Startup.s...
compiling Motor.c...
Motor.c(4): warning:  #1295-D: Deprecated declaration delay - give arg types
Motor.c(7): warning:  #951-D: return type of function "main" must be "int"
linking...
Program Size: Code=1240 RO-data=16 RW-data=0 ZI-data=1256  
FromELF: creating hex file...
"Motor.axf" - 0 Error(s), 2 Warning(s).
