<html>
<body>
<pre>
<h1>µVision Build Log</h1>
<h2>Project:</h2>
D:\Students\aswin\ARM\PWM\PWM.uvproj
Project File Date:  07/18/2017

<h2>Output:</h2>
Build target 'Target 1'
assembling Startup.s...
compiling PWM.c...
PWM.c(2): warning:  #951-D: return type of function "main" must be "int"
PWM.c(16): warning:  #1-D: last line of file ends without a newline
linking...
Program Size: Code=804 RO-data=16 RW-data=0 ZI-data=1256  
FromELF: creating hex file...
"PWM.axf" - 0 Error(s), 2 Warning(s).
Build target 'Target 1'
compiling PWM.c...
PWM.c(2): warning:  #951-D: return type of function "main" must be "int"
linking...
Program Size: Code=804 RO-data=16 RW-data=0 ZI-data=1256  
FromELF: creating hex file...
"PWM.axf" - 0 Error(s), 1 Warning(s).
Build target 'Target 1'
assembling Startup.s...
compiling PWM.c...
PWM.c(2): warning:  #951-D: return type of function "main" must be "int"
linking...
Program Size: Code=804 RO-data=16 RW-data=0 ZI-data=1256  
FromELF: creating hex file...
"PWM.axf" - 0 Error(s), 1 Warning(s).
