C51 COMPILER V9.06   HOME                                                                  03/27/2016 16:43:47 PAGE 1   


C51 COMPILER V9.06, COMPILATION OF MODULE HOME
OBJECT MODULE PLACED IN home.OBJ
COMPILER INVOKED BY: C:\Keil\C51\BIN\C51.EXE home.c BROWSE DEBUG OBJECTEXTEND

line level    source

   1          //Program to make an automatic room light and bidirectional visitor counter using IR sensor     an AT89S52 mic
             -rocontroller.
   2          #include <reg51.h>
   3          sbit up=P1^0;  //up pin to make counter count up.
   4          sbit down=P1^1;  //down pin to make counter count down.
   5          sbit relay = P1^4; //pin to make swithch on and off light relay.
   6          sbit dig_ctrl_1=P1^2;  //declare the control pins of seven segments.
   7          sbit dig_ctrl_2=P1^3;
   8          
   9          
  10          unsigned char dig_val[]={0x3F,0x06,0x5B,0x4F,0x66,0x6D,0x7D,0x07,0x7F,0x67};
  11          unsigned int dig_1=0,dig_2=0,count=0,temp=0;
  12          
  13          
  14          void delay(int x)
  15          {
  16   1        int i=0;
  17   1        while(i<x)
  18   1        {
  19   2          TMOD=0x10;
  20   2          TH1=0xFC;
  21   2          TL1=0x66;
  22   2          TR1=1;
  23   2          while(TF1==0);
  24   2          TR1=0;
  25   2          TF1=0;
  26   2          i++;
  27   2        }
  28   1      }
  29          
  30          
  31          void init()  // to initialize the input, output pins and Timer0
  32          {
  33   1        up=down=0;
  34   1        relay=0;
  35   1        dig_ctrl_1=1;
  36   1        dig_ctrl_2=1;
  37   1        P2=0x3F;
  38   1        P3=0x3F;
  39   1        TMOD=0x01;
  40   1        TL0=0xF6;
  41   1        TH0=0xFF;
  42   1        IE=0x82;
  43   1        TR0=1;
  44   1      }
  45          
  46          void main()
  47          {
  48   1        init();
  49   1        while(1)
  50   1        {
  51   2         if(up==1)
  52   2         {
  53   3               while(!down)
  54   3           {
C51 COMPILER V9.06   HOME                                                                  03/27/2016 16:43:47 PAGE 2   

  55   4           }
  56   3               if(count<99)
  57   3               {
  58   4                 count++;
  59   4               }
  60   3               temp=count;
  61   3               dig_1=temp%10;
  62   3               temp=temp/10;
  63   3           dig_2=temp%10;
  64   3           relay = 1;
  65   3               P2=dig_val[dig_1];
  66   3               if(count>9)
  67   3               {
  68   4               P3=dig_val[dig_2];
  69   4               }
  70   3               else
  71   3               P3=0x3F;
  72   3               delay(1000);
  73   3         }
  74   2         if(down==1)
  75   2         {
  76   3           while(!up)
  77   3           {
  78   4               }
  79   3               if(count>0)
  80   3               {
  81   4                 count--;
  82   4               }
  83   3               temp=count;     
  84   3               dig_1=temp%10;
  85   3               temp=temp/10;
  86   3               dig_2=temp%10;
  87   3           if(count==0)
  88   3           { 
  89   4                 relay=0;
  90   4           }
  91   3               P2=dig_val[dig_1];
  92   3               if(count>9)
  93   3               {
  94   4               P3=dig_val[dig_2];
  95   4               }
  96   3               else
  97   3               P3=0x3F;
  98   3               delay(1000);
  99   3         }
 100   2        }
 101   1      }


MODULE INFORMATION:   STATIC OVERLAYABLE
   CODE SIZE        =    311    ----
   CONSTANT SIZE    =   ----    ----
   XDATA SIZE       =   ----    ----
   PDATA SIZE       =   ----    ----
   DATA SIZE        =     18    ----
   IDATA SIZE       =   ----    ----
   BIT SIZE         =   ----    ----
END OF MODULE INFORMATION.


C51 COMPILATION COMPLETE.  0 WARNING(S),  0 ERROR(S)
