<html>
<body>
<pre>
<h1>µVision Build Log</h1>
<h2>Project:</h2>
D:\Students\aswin\ARM\Password\Password.uvproj
Project File Date:  07/17/2017

<h2>Output:</h2>
Build target 'Target 1'
assembling Startup.s...
compiling Password.c...
Password.c(4): warning:  #1295-D: Deprecated declaration delay - give arg types
Password.c(6): warning:  #1295-D: Deprecated declaration key - give arg types
Password.c(8): warning:  #951-D: return type of function "main" must be "int"
Password.c(24): error:  #20: identifier "o" is undefined
Target not created
Build target 'Target 1'
assembling Startup.s...
compiling Password.c...
Password.c(4): warning:  #1295-D: Deprecated declaration delay - give arg types
Password.c(6): warning:  #1295-D: Deprecated declaration key - give arg types
Password.c(8): warning:  #951-D: return type of function "main" must be "int"
linking...
Program Size: Code=1680 RO-data=16 RW-data=0 ZI-data=1256  
FromELF: creating hex file...
"Password.axf" - 0 Error(s), 3 Warning(s).
