<html>
<body>
<pre>
<h1>µVision Build Log</h1>
<h2>Project:</h2>
D:\Students\aswin\ARM\Keypad\Keypad.uvproj
Project File Date:  07/17/2017

<h2>Output:</h2>
Build target 'Target 1'
assembling Startup.s...
compiling Keypad.c...
Keypad.c(4): warning:  #1295-D: Deprecated declaration delay - give arg types
Keypad.c(7): warning:  #951-D: return type of function "main" must be "int"
Keypad.c(18): error:  #20: identifier "a" is undefined
Keypad.c(18): warning:  #223-D: function "key" declared implicitly
Keypad.c(52): error:  #159: declaration is incompatible with previous "key" (declared at line 18)
Target not created
Build target 'Target 1'
assembling Startup.s...
compiling Keypad.c...
Keypad.c(4): warning:  #1295-D: Deprecated declaration delay - give arg types
Keypad.c(6): warning:  #1295-D: Deprecated declaration key - give arg types
Keypad.c(8): warning:  #951-D: return type of function "main" must be "int"
linking...
Program Size: Code=1192 RO-data=16 RW-data=0 ZI-data=1256  
"Keypad.axf" - 0 Error(s), 3 Warning(s).
Build target 'Target 1'
linking...
Program Size: Code=1192 RO-data=16 RW-data=0 ZI-data=1256  
"Keypad.axf" - 0 Error(s), 0 Warning(s).
Build target 'Target 1'
compiling Keypad.c...
Keypad.c(4): warning:  #1295-D: Deprecated declaration delay - give arg types
Keypad.c(6): warning:  #1295-D: Deprecated declaration key - give arg types
Keypad.c(8): warning:  #951-D: return type of function "main" must be "int"
linking...
Program Size: Code=1192 RO-data=16 RW-data=0 ZI-data=1256  
"Keypad.axf" - 0 Error(s), 3 Warning(s).
Build target 'Target 1'
assembling Startup.s...
compiling Keypad.c...
Keypad.c(4): warning:  #1295-D: Deprecated declaration delay - give arg types
Keypad.c(6): warning:  #1295-D: Deprecated declaration key - give arg types
Keypad.c(8): warning:  #951-D: return type of function "main" must be "int"
linking...
Program Size: Code=1464 RO-data=16 RW-data=0 ZI-data=1256  
FromELF: creating hex file...
"Keypad.axf" - 0 Error(s), 3 Warning(s).
Build target 'Target 1'
assembling Startup.s...
compiling Keypad.c...
Keypad.c(4): warning:  #1295-D: Deprecated declaration delay - give arg types
Keypad.c(6): warning:  #1295-D: Deprecated declaration key - give arg types
Keypad.c(8): warning:  #951-D: return type of function "main" must be "int"
linking...
Program Size: Code=1464 RO-data=16 RW-data=0 ZI-data=1256  
FromELF: creating hex file...
"Keypad.axf" - 0 Error(s), 3 Warning(s).
Build target 'Target 1'
assembling Startup.s...
compiling Keypad.c...
Keypad.c(4): warning:  #1295-D: Deprecated declaration delay - give arg types
Keypad.c(6): warning:  #1295-D: Deprecated declaration key - give arg types
Keypad.c(8): warning:  #951-D: return type of function "main" must be "int"
linking...
Program Size: Code=1464 RO-data=16 RW-data=0 ZI-data=1256  
FromELF: creating hex file...
"Keypad.axf" - 0 Error(s), 3 Warning(s).
Build target 'Target 1'
assembling Startup.s...
compiling Keypad.c...
Keypad.c(4): warning:  #1295-D: Deprecated declaration delay - give arg types
Keypad.c(6): warning:  #1295-D: Deprecated declaration key - give arg types
Keypad.c(8): warning:  #951-D: return type of function "main" must be "int"
linking...
Program Size: Code=1512 RO-data=16 RW-data=0 ZI-data=1256  
FromELF: creating hex file...
"Keypad.axf" - 0 Error(s), 3 Warning(s).
Build target 'Target 1'
assembling Startup.s...
compiling Keypad.c...
Keypad.c(4): warning:  #1295-D: Deprecated declaration delay - give arg types
Keypad.c(6): warning:  #1295-D: Deprecated declaration key - give arg types
Keypad.c(8): warning:  #951-D: return type of function "main" must be "int"
linking...
Program Size: Code=1512 RO-data=16 RW-data=0 ZI-data=1256  
FromELF: creating hex file...
"Keypad.axf" - 0 Error(s), 3 Warning(s).
Build target 'Target 1'
assembling Startup.s...
compiling Keypad.c...
Keypad.c(4): warning:  #1295-D: Deprecated declaration delay - give arg types
Keypad.c(6): warning:  #1295-D: Deprecated declaration key - give arg types
Keypad.c(8): warning:  #951-D: return type of function "main" must be "int"
linking...
Program Size: Code=1512 RO-data=16 RW-data=0 ZI-data=1256  
FromELF: creating hex file...
"Keypad.axf" - 0 Error(s), 3 Warning(s).
Build target 'Target 1'
assembling Startup.s...
compiling Keypad.c...
Keypad.c(4): warning:  #1295-D: Deprecated declaration delay - give arg types
Keypad.c(6): warning:  #1295-D: Deprecated declaration key - give arg types
Keypad.c(8): warning:  #951-D: return type of function "main" must be "int"
linking...
Program Size: Code=1512 RO-data=16 RW-data=0 ZI-data=1256  
FromELF: creating hex file...
"Keypad.axf" - 0 Error(s), 3 Warning(s).
Build target 'Target 1'
assembling Startup.s...
compiling Keypad.c...
Keypad.c(4): warning:  #1295-D: Deprecated declaration delay - give arg types
Keypad.c(6): warning:  #1295-D: Deprecated declaration key - give arg types
Keypad.c(8): warning:  #951-D: return type of function "main" must be "int"
linking...
Program Size: Code=1512 RO-data=16 RW-data=0 ZI-data=1256  
FromELF: creating hex file...
"Keypad.axf" - 0 Error(s), 3 Warning(s).
Build target 'Target 1'
assembling Startup.s...
compiling Keypad.c...
Keypad.c(4): warning:  #1295-D: Deprecated declaration delay - give arg types
Keypad.c(6): warning:  #1295-D: Deprecated declaration key - give arg types
Keypad.c(8): warning:  #951-D: return type of function "main" must be "int"
linking...
Program Size: Code=1496 RO-data=16 RW-data=0 ZI-data=1256  
FromELF: creating hex file...
"Keypad.axf" - 0 Error(s), 3 Warning(s).
Build target 'Target 1'
assembling Startup.s...
compiling Keypad.c...
Keypad.c(4): warning:  #1295-D: Deprecated declaration delay - give arg types
Keypad.c(6): warning:  #1295-D: Deprecated declaration key - give arg types
Keypad.c(8): warning:  #951-D: return type of function "main" must be "int"
linking...
Program Size: Code=1496 RO-data=16 RW-data=0 ZI-data=1256  
FromELF: creating hex file...
"Keypad.axf" - 0 Error(s), 3 Warning(s).
Build target 'Target 1'
assembling Startup.s...
compiling Keypad.c...
Keypad.c(4): warning:  #1295-D: Deprecated declaration delay - give arg types
Keypad.c(6): warning:  #1295-D: Deprecated declaration key - give arg types
Keypad.c(8): warning:  #951-D: return type of function "main" must be "int"
linking...
Program Size: Code=1512 RO-data=16 RW-data=0 ZI-data=1256  
FromELF: creating hex file...
"Keypad.axf" - 0 Error(s), 3 Warning(s).
Build target 'Target 1'
assembling Startup.s...
compiling Keypad.c...
Keypad.c(4): warning:  #1295-D: Deprecated declaration delay - give arg types
Keypad.c(6): warning:  #1295-D: Deprecated declaration key - give arg types
Keypad.c(8): warning:  #951-D: return type of function "main" must be "int"
linking...
Program Size: Code=1512 RO-data=16 RW-data=0 ZI-data=1256  
FromELF: creating hex file...
"Keypad.axf" - 0 Error(s), 3 Warning(s).
