<html>
<body>
<pre>
<h1>µVision Build Log</h1>
<h2>Project:</h2>
D:\Students\aswin\ARM\LCD_SWTCH\LCD_SWTCH.uvproj
Project File Date:  07/17/2017

<h2>Output:</h2>
Build target 'Target 1'
assembling Startup.s...
compiling LCD_SWTCH.c...
LCD_SWTCH.c(4): warning:  #1295-D: Deprecated declaration delay - give arg types
LCD_SWTCH.c(7): warning:  #951-D: return type of function "main" must be "int"
LCD_SWTCH.c(37): error:  #268: declaration may not appear after executable statement in block
LCD_SWTCH.c(37): error:  #67: expected a "}"
Target not created
Build target 'Target 1'
assembling Startup.s...
compiling LCD_SWTCH.c...
LCD_SWTCH.c(4): warning:  #1295-D: Deprecated declaration delay - give arg types
LCD_SWTCH.c(7): warning:  #951-D: return type of function "main" must be "int"
LCD_SWTCH.c(37): error:  #268: declaration may not appear after executable statement in block
LCD_SWTCH.c(37): error:  #67: expected a "}"
Target not created
Build target 'Target 1'
assembling Startup.s...
compiling LCD_SWTCH.c...
LCD_SWTCH.c(4): warning:  #1295-D: Deprecated declaration delay - give arg types
LCD_SWTCH.c(7): warning:  #951-D: return type of function "main" must be "int"
linking...
Program Size: Code=1164 RO-data=16 RW-data=0 ZI-data=1256  
FromELF: creating hex file...
"LCD_SWTCH.axf" - 0 Error(s), 2 Warning(s).
Build target 'Target 1'
assembling Startup.s...
compiling LCD_SWTCH.c...
LCD_SWTCH.c(4): warning:  #1295-D: Deprecated declaration delay - give arg types
LCD_SWTCH.c(7): warning:  #951-D: return type of function "main" must be "int"
linking...
Program Size: Code=1164 RO-data=16 RW-data=0 ZI-data=1256  
FromELF: creating hex file...
"LCD_SWTCH.axf" - 0 Error(s), 2 Warning(s).
Build target 'Target 1'
assembling Startup.s...
compiling LCD_SWTCH.c...
LCD_SWTCH.c(4): warning:  #1295-D: Deprecated declaration delay - give arg types
LCD_SWTCH.c(7): warning:  #951-D: return type of function "main" must be "int"
linking...
Program Size: Code=1204 RO-data=16 RW-data=0 ZI-data=1256  
FromELF: creating hex file...
"LCD_SWTCH.axf" - 0 Error(s), 2 Warning(s).
Build target 'Target 1'
assembling Startup.s...
compiling LCD_SWTCH.c...
LCD_SWTCH.c(4): warning:  #1295-D: Deprecated declaration delay - give arg types
LCD_SWTCH.c(7): warning:  #951-D: return type of function "main" must be "int"
linking...
Program Size: Code=1204 RO-data=16 RW-data=0 ZI-data=1256  
FromELF: creating hex file...
"LCD_SWTCH.axf" - 0 Error(s), 2 Warning(s).
Build target 'Target 1'
assembling Startup.s...
compiling LCD_SWTCH.c...
LCD_SWTCH.c(4): warning:  #1295-D: Deprecated declaration delay - give arg types
LCD_SWTCH.c(7): warning:  #951-D: return type of function "main" must be "int"
linking...
Program Size: Code=1188 RO-data=16 RW-data=0 ZI-data=1256  
FromELF: creating hex file...
"LCD_SWTCH.axf" - 0 Error(s), 2 Warning(s).
Build target 'Target 1'
assembling Startup.s...
compiling LCD_SWTCH.c...
LCD_SWTCH.c(4): warning:  #1295-D: Deprecated declaration delay - give arg types
LCD_SWTCH.c(7): warning:  #951-D: return type of function "main" must be "int"
linking...
Program Size: Code=1188 RO-data=16 RW-data=0 ZI-data=1256  
FromELF: creating hex file...
"LCD_SWTCH.axf" - 0 Error(s), 2 Warning(s).
Build target 'Target 1'
assembling Startup.s...
compiling LCD_SWTCH.c...
LCD_SWTCH.c(4): warning:  #1295-D: Deprecated declaration delay - give arg types
LCD_SWTCH.c(7): warning:  #951-D: return type of function "main" must be "int"
linking...
Program Size: Code=1188 RO-data=16 RW-data=0 ZI-data=1256  
FromELF: creating hex file...
"LCD_SWTCH.axf" - 0 Error(s), 2 Warning(s).
Build target 'Target 1'
assembling Startup.s...
compiling LCD_SWTCH.c...
LCD_SWTCH.c(4): warning:  #1295-D: Deprecated declaration delay - give arg types
LCD_SWTCH.c(7): warning:  #951-D: return type of function "main" must be "int"
linking...
Program Size: Code=1188 RO-data=16 RW-data=0 ZI-data=1256  
FromELF: creating hex file...
"LCD_SWTCH.axf" - 0 Error(s), 2 Warning(s).
Build target 'Target 1'
assembling Startup.s...
compiling LCD_SWTCH.c...
LCD_SWTCH.c(4): warning:  #1295-D: Deprecated declaration delay - give arg types
LCD_SWTCH.c(7): warning:  #951-D: return type of function "main" must be "int"
linking...
Program Size: Code=1188 RO-data=16 RW-data=0 ZI-data=1256  
FromELF: creating hex file...
"LCD_SWTCH.axf" - 0 Error(s), 2 Warning(s).
Build target 'Target 1'
assembling Startup.s...
compiling LCD_SWTCH.c...
LCD_SWTCH.c(4): warning:  #1295-D: Deprecated declaration delay - give arg types
LCD_SWTCH.c(7): warning:  #951-D: return type of function "main" must be "int"
linking...
Program Size: Code=1188 RO-data=16 RW-data=0 ZI-data=1256  
FromELF: creating hex file...
"LCD_SWTCH.axf" - 0 Error(s), 2 Warning(s).
Build target 'Target 1'
assembling Startup.s...
compiling LCD_SWTCH.c...
LCD_SWTCH.c(4): warning:  #1295-D: Deprecated declaration delay - give arg types
LCD_SWTCH.c(7): warning:  #951-D: return type of function "main" must be "int"
linking...
Program Size: Code=1176 RO-data=16 RW-data=0 ZI-data=1256  
FromELF: creating hex file...
"LCD_SWTCH.axf" - 0 Error(s), 2 Warning(s).
Build target 'Target 1'
assembling Startup.s...
compiling LCD_SWTCH.c...
LCD_SWTCH.c(4): warning:  #1295-D: Deprecated declaration delay - give arg types
LCD_SWTCH.c(7): warning:  #951-D: return type of function "main" must be "int"
linking...
Program Size: Code=1192 RO-data=16 RW-data=0 ZI-data=1256  
FromELF: creating hex file...
"LCD_SWTCH.axf" - 0 Error(s), 2 Warning(s).
Build target 'Target 1'
assembling Startup.s...
compiling LCD_SWTCH.c...
LCD_SWTCH.c(4): warning:  #1295-D: Deprecated declaration delay - give arg types
LCD_SWTCH.c(7): warning:  #951-D: return type of function "main" must be "int"
linking...
Program Size: Code=1196 RO-data=16 RW-data=0 ZI-data=1256  
FromELF: creating hex file...
"LCD_SWTCH.axf" - 0 Error(s), 2 Warning(s).
Build target 'Target 1'
assembling Startup.s...
compiling LCD_SWTCH.c...
LCD_SWTCH.c(4): warning:  #1295-D: Deprecated declaration delay - give arg types
LCD_SWTCH.c(7): warning:  #951-D: return type of function "main" must be "int"
linking...
Program Size: Code=1180 RO-data=16 RW-data=0 ZI-data=1256  
FromELF: creating hex file...
"LCD_SWTCH.axf" - 0 Error(s), 2 Warning(s).
Build target 'Target 1'
assembling Startup.s...
compiling LCD_SWTCH.c...
LCD_SWTCH.c(4): warning:  #1295-D: Deprecated declaration delay - give arg types
LCD_SWTCH.c(7): warning:  #951-D: return type of function "main" must be "int"
linking...
Program Size: Code=1180 RO-data=16 RW-data=0 ZI-data=1256  
FromELF: creating hex file...
"LCD_SWTCH.axf" - 0 Error(s), 2 Warning(s).
Build target 'Target 1'
assembling Startup.s...
compiling LCD_SWTCH.c...
LCD_SWTCH.c(4): warning:  #1295-D: Deprecated declaration delay - give arg types
LCD_SWTCH.c(7): warning:  #951-D: return type of function "main" must be "int"
linking...
Program Size: Code=1180 RO-data=16 RW-data=0 ZI-data=1256  
FromELF: creating hex file...
"LCD_SWTCH.axf" - 0 Error(s), 2 Warning(s).
Build target 'Target 1'
assembling Startup.s...
compiling LCD_SWTCH.c...
LCD_SWTCH.c(4): warning:  #1295-D: Deprecated declaration delay - give arg types
LCD_SWTCH.c(7): warning:  #951-D: return type of function "main" must be "int"
linking...
Program Size: Code=1180 RO-data=16 RW-data=0 ZI-data=1256  
FromELF: creating hex file...
"LCD_SWTCH.axf" - 0 Error(s), 2 Warning(s).
