<html>
<body>
<pre>
<h1>µVision Build Log</h1>
<h2>Project:</h2>
D:\Students\aswin\ARM\USART\USART.uvproj
Project File Date:  07/18/2017

<h2>Output:</h2>
Build target 'Target 1'
assembling Startup.s...
compiling USART.c...
USART.c(2): warning:  #1295-D: Deprecated declaration delay - give arg types
USART.c(3): warning:  #1295-D: Deprecated declaration rec - give arg types
USART.c(5): warning:  #951-D: return type of function "main" must be "int"
USART.c(44): warning:  #1-D: last line of file ends without a newline
linking...
Program Size: Code=988 RO-data=16 RW-data=0 ZI-data=1256  
FromELF: creating hex file...
"USART.axf" - 0 Error(s), 4 Warning(s).
Build target 'Target 1'
assembling Startup.s...
compiling USART.c...
USART.c(2): warning:  #1295-D: Deprecated declaration delay - give arg types
USART.c(3): warning:  #1295-D: Deprecated declaration rec - give arg types
USART.c(5): warning:  #951-D: return type of function "main" must be "int"
linking...
Program Size: Code=988 RO-data=16 RW-data=0 ZI-data=1256  
FromELF: creating hex file...
"USART.axf" - 0 Error(s), 3 Warning(s).
Build target 'Target 1'
assembling Startup.s...
compiling USART.c...
USART.c(2): warning:  #1295-D: Deprecated declaration delay - give arg types
USART.c(3): warning:  #1295-D: Deprecated declaration rec - give arg types
USART.c(6): warning:  #951-D: return type of function "main" must be "int"
linking...
Program Size: Code=988 RO-data=16 RW-data=0 ZI-data=1256  
FromELF: creating hex file...
"USART.axf" - 0 Error(s), 3 Warning(s).
Build target 'Target 1'
assembling Startup.s...
compiling USART.c...
USART.c(2): warning:  #1295-D: Deprecated declaration delay - give arg types
USART.c(3): warning:  #1295-D: Deprecated declaration rec - give arg types
USART.c(6): warning:  #951-D: return type of function "main" must be "int"
linking...
Program Size: Code=988 RO-data=16 RW-data=0 ZI-data=1256  
FromELF: creating hex file...
"USART.axf" - 0 Error(s), 3 Warning(s).
Build target 'Target 1'
assembling Startup.s...
compiling USART.c...
USART.c(2): warning:  #1295-D: Deprecated declaration delay - give arg types
USART.c(3): warning:  #1295-D: Deprecated declaration rec - give arg types
USART.c(6): warning:  #951-D: return type of function "main" must be "int"
linking...
Program Size: Code=984 RO-data=16 RW-data=0 ZI-data=1256  
FromELF: creating hex file...
"USART.axf" - 0 Error(s), 3 Warning(s).
Build target 'Target 1'
assembling Startup.s...
compiling USART.c...
USART.c(2): warning:  #1295-D: Deprecated declaration delay - give arg types
USART.c(3): warning:  #1295-D: Deprecated declaration rec - give arg types
USART.c(6): warning:  #951-D: return type of function "main" must be "int"
linking...
Program Size: Code=984 RO-data=16 RW-data=0 ZI-data=1256  
FromELF: creating hex file...
"USART.axf" - 0 Error(s), 3 Warning(s).
