<html>
<body>
<pre>
<h1>µVision Build Log</h1>
<h2>Project:</h2>
D:\Students\aswin\ARM\Blink\Blink.uvproj
Project File Date:  07/14/2017

<h2>Output:</h2>
Build target 'Target 1'
assembling Startup.s...
compiling Blink.c...
Blink.c(2): warning:  #1295-D: Deprecated declaration delay - give arg types
Blink.c(4): warning:  #951-D: return type of function "main" must be "int"
Blink.c(6): error:  #20: identifier "io0dir" is undefined
Blink.c(9): error:  #20: identifier "io0set" is undefined
Blink.c(11): error:  #20: identifier "io0clr" is undefined
Blink.c(21): warning:  #1-D: last line of file ends without a newline
Target not created
Build target 'Target 1'
compiling Blink.c...
Blink.c(2): warning:  #1295-D: Deprecated declaration delay - give arg types
Blink.c(4): warning:  #951-D: return type of function "main" must be "int"
Blink.c(21): warning:  #1-D: last line of file ends without a newline
linking...
Program Size: Code=796 RO-data=16 RW-data=0 ZI-data=1256  
FromELF: creating hex file...
"Blink.axf" - 0 Error(s), 3 Warning(s).
Build target 'Target 1'
assembling Startup.s...
compiling Blink.c...
Blink.c(2): warning:  #1295-D: Deprecated declaration delay - give arg types
Blink.c(4): warning:  #951-D: return type of function "main" must be "int"
linking...
Program Size: Code=796 RO-data=16 RW-data=0 ZI-data=1256  
FromELF: creating hex file...
"Blink.axf" - 0 Error(s), 2 Warning(s).
Build target 'Target 1'
assembling Startup.s...
compiling Blink.c...
Blink.c(2): warning:  #1295-D: Deprecated declaration delay - give arg types
Blink.c(4): warning:  #951-D: return type of function "main" must be "int"
linking...
Program Size: Code=796 RO-data=16 RW-data=0 ZI-data=1256  
FromELF: creating hex file...
"Blink.axf" - 0 Error(s), 2 Warning(s).
Build target 'Target 1'
assembling Startup.s...
compiling Blink.c...
Blink.c(2): warning:  #1295-D: Deprecated declaration delay - give arg types
Blink.c(4): warning:  #951-D: return type of function "main" must be "int"
linking...
Program Size: Code=804 RO-data=16 RW-data=0 ZI-data=1256  
FromELF: creating hex file...
"Blink.axf" - 0 Error(s), 2 Warning(s).
Build target 'Target 1'
assembling Startup.s...
compiling Blink.c...
Blink.c(2): warning:  #1295-D: Deprecated declaration delay - give arg types
Blink.c(4): warning:  #951-D: return type of function "main" must be "int"
linking...
Program Size: Code=804 RO-data=16 RW-data=0 ZI-data=1256  
FromELF: creating hex file...
"Blink.axf" - 0 Error(s), 2 Warning(s).
Build target 'Target 1'
assembling Startup.s...
compiling Blink.c...
Blink.c(2): warning:  #1295-D: Deprecated declaration delay - give arg types
Blink.c(4): warning:  #951-D: return type of function "main" must be "int"
linking...
Program Size: Code=836 RO-data=16 RW-data=0 ZI-data=1256  
FromELF: creating hex file...
"Blink.axf" - 0 Error(s), 2 Warning(s).
Build target 'Target 1'
assembling Startup.s...
compiling Blink.c...
Blink.c(2): warning:  #1295-D: Deprecated declaration delay - give arg types
Blink.c(4): warning:  #951-D: return type of function "main" must be "int"
linking...
Program Size: Code=852 RO-data=16 RW-data=0 ZI-data=1256  
FromELF: creating hex file...
"Blink.axf" - 0 Error(s), 2 Warning(s).
Build target 'Target 1'
assembling Startup.s...
compiling Blink.c...
Blink.c(2): warning:  #1295-D: Deprecated declaration delay - give arg types
Blink.c(4): warning:  #951-D: return type of function "main" must be "int"
linking...
Program Size: Code=852 RO-data=16 RW-data=0 ZI-data=1256  
FromELF: creating hex file...
"Blink.axf" - 0 Error(s), 2 Warning(s).
Build target 'Target 1'
assembling Startup.s...
compiling Blink.c...
Blink.c(2): warning:  #1295-D: Deprecated declaration delay - give arg types
Blink.c(4): warning:  #951-D: return type of function "main" must be "int"
linking...
Program Size: Code=852 RO-data=16 RW-data=0 ZI-data=1256  
FromELF: creating hex file...
"Blink.axf" - 0 Error(s), 2 Warning(s).
Build target 'Target 1'
assembling Startup.s...
compiling Blink.c...
Blink.c(2): warning:  #1295-D: Deprecated declaration delay - give arg types
Blink.c(4): warning:  #951-D: return type of function "main" must be "int"
linking...
Program Size: Code=816 RO-data=16 RW-data=0 ZI-data=1256  
FromELF: creating hex file...
"Blink.axf" - 0 Error(s), 2 Warning(s).
Build target 'Target 1'
assembling Startup.s...
compiling Blink.c...
Blink.c(2): warning:  #1295-D: Deprecated declaration delay - give arg types
Blink.c(4): warning:  #951-D: return type of function "main" must be "int"
linking...
Program Size: Code=812 RO-data=16 RW-data=0 ZI-data=1256  
FromELF: creating hex file...
"Blink.axf" - 0 Error(s), 2 Warning(s).
Build target 'Target 1'
assembling Startup.s...
compiling Blink.c...
Blink.c(2): warning:  #1295-D: Deprecated declaration delay - give arg types
Blink.c(4): warning:  #951-D: return type of function "main" must be "int"
linking...
Program Size: Code=812 RO-data=16 RW-data=0 ZI-data=1256  
FromELF: creating hex file...
"Blink.axf" - 0 Error(s), 2 Warning(s).
Build target 'Target 1'
assembling Startup.s...
compiling Blink.c...
Blink.c(2): warning:  #1295-D: Deprecated declaration delay - give arg types
Blink.c(4): warning:  #951-D: return type of function "main" must be "int"
Blink.c(11): error:  #20: identifier "F" is undefined
Target not created
Build target 'Target 1'
assembling Startup.s...
compiling Blink.c...
Blink.c(2): warning:  #1295-D: Deprecated declaration delay - give arg types
Blink.c(4): warning:  #951-D: return type of function "main" must be "int"
linking...
Program Size: Code=816 RO-data=16 RW-data=0 ZI-data=1256  
FromELF: creating hex file...
"Blink.axf" - 0 Error(s), 2 Warning(s).
Build target 'Target 1'
assembling Startup.s...
compiling Blink.c...
Blink.c(2): warning:  #1295-D: Deprecated declaration delay - give arg types
Blink.c(4): warning:  #951-D: return type of function "main" must be "int"
Blink.c(11): error:  #20: identifier "i" is undefined
Target not created
Build target 'Target 1'
assembling Startup.s...
compiling Blink.c...
Blink.c(2): warning:  #1295-D: Deprecated declaration delay - give arg types
Blink.c(4): warning:  #951-D: return type of function "main" must be "int"
linking...
Program Size: Code=848 RO-data=16 RW-data=0 ZI-data=1256  
FromELF: creating hex file...
"Blink.axf" - 0 Error(s), 2 Warning(s).
Build target 'Target 1'
assembling Startup.s...
compiling Blink.c...
Blink.c(2): warning:  #1295-D: Deprecated declaration delay - give arg types
Blink.c(4): warning:  #951-D: return type of function "main" must be "int"
linking...
Program Size: Code=836 RO-data=16 RW-data=0 ZI-data=1256  
FromELF: creating hex file...
"Blink.axf" - 0 Error(s), 2 Warning(s).
Build target 'Target 1'
assembling Startup.s...
compiling Blink.c...
Blink.c(2): warning:  #1295-D: Deprecated declaration delay - give arg types
Blink.c(4): warning:  #951-D: return type of function "main" must be "int"
linking...
Program Size: Code=836 RO-data=16 RW-data=0 ZI-data=1256  
FromELF: creating hex file...
"Blink.axf" - 0 Error(s), 2 Warning(s).
Build target 'Target 1'
assembling Startup.s...
compiling Blink.c...
Blink.c(2): warning:  #1295-D: Deprecated declaration delay - give arg types
Blink.c(4): warning:  #951-D: return type of function "main" must be "int"
Blink.c(6): warning:  #177-D: variable "i" was declared but never referenced
linking...
Program Size: Code=812 RO-data=16 RW-data=0 ZI-data=1256  
FromELF: creating hex file...
"Blink.axf" - 0 Error(s), 3 Warning(s).
Build target 'Target 1'
assembling Startup.s...
compiling Blink.c...
Blink.c(2): warning:  #1295-D: Deprecated declaration delay - give arg types
Blink.c(4): warning:  #951-D: return type of function "main" must be "int"
linking...
Program Size: Code=812 RO-data=16 RW-data=0 ZI-data=1256  
FromELF: creating hex file...
"Blink.axf" - 0 Error(s), 2 Warning(s).
Build target 'Target 1'
assembling Startup.s...
compiling Blink.c...
Blink.c(2): warning:  #1295-D: Deprecated declaration delay - give arg types
Blink.c(4): warning:  #951-D: return type of function "main" must be "int"
linking...
Program Size: Code=812 RO-data=16 RW-data=0 ZI-data=1256  
FromELF: creating hex file...
"Blink.axf" - 0 Error(s), 2 Warning(s).
Build target 'Target 1'
assembling Startup.s...
compiling Blink.c...
Blink.c(2): warning:  #1295-D: Deprecated declaration delay - give arg types
Blink.c(4): warning:  #951-D: return type of function "main" must be "int"
linking...
Program Size: Code=832 RO-data=16 RW-data=0 ZI-data=1256  
FromELF: creating hex file...
"Blink.axf" - 0 Error(s), 2 Warning(s).
Build target 'Target 1'
assembling Startup.s...
compiling Blink.c...
Blink.c(2): warning:  #1295-D: Deprecated declaration delay - give arg types
Blink.c(4): warning:  #951-D: return type of function "main" must be "int"
linking...
Program Size: Code=832 RO-data=16 RW-data=0 ZI-data=1256  
FromELF: creating hex file...
"Blink.axf" - 0 Error(s), 2 Warning(s).
Build target 'Target 1'
assembling Startup.s...
compiling Blink.c...
Blink.c(2): warning:  #1295-D: Deprecated declaration delay - give arg types
Blink.c(4): warning:  #951-D: return type of function "main" must be "int"
linking...
Program Size: Code=844 RO-data=16 RW-data=0 ZI-data=1256  
FromELF: creating hex file...
"Blink.axf" - 0 Error(s), 2 Warning(s).
Build target 'Target 1'
assembling Startup.s...
compiling Blink.c...
Blink.c(2): warning:  #1295-D: Deprecated declaration delay - give arg types
Blink.c(4): warning:  #951-D: return type of function "main" must be "int"
linking...
Program Size: Code=844 RO-data=16 RW-data=0 ZI-data=1256  
FromELF: creating hex file...
"Blink.axf" - 0 Error(s), 2 Warning(s).
Build target 'Target 1'
assembling Startup.s...
compiling Blink.c...
Blink.c(2): warning:  #1295-D: Deprecated declaration delay - give arg types
Blink.c(4): warning:  #951-D: return type of function "main" must be "int"
linking...
Program Size: Code=840 RO-data=16 RW-data=0 ZI-data=1256  
FromELF: creating hex file...
"Blink.axf" - 0 Error(s), 2 Warning(s).
Build target 'Target 1'
assembling Startup.s...
compiling Blink.c...
Blink.c(2): warning:  #1295-D: Deprecated declaration delay - give arg types
Blink.c(4): warning:  #951-D: return type of function "main" must be "int"
linking...
Program Size: Code=840 RO-data=16 RW-data=0 ZI-data=1256  
FromELF: creating hex file...
"Blink.axf" - 0 Error(s), 2 Warning(s).
Build target 'Target 1'
assembling Startup.s...
compiling Blink.c...
Blink.c(2): warning:  #1295-D: Deprecated declaration delay - give arg types
Blink.c(4): warning:  #951-D: return type of function "main" must be "int"
Blink.c(6): warning:  #177-D: variable "i" was declared but never referenced
linking...
Program Size: Code=816 RO-data=16 RW-data=0 ZI-data=1256  
FromELF: creating hex file...
"Blink.axf" - 0 Error(s), 3 Warning(s).
Build target 'Target 1'
assembling Startup.s...
compiling Blink.c...
Blink.c(2): warning:  #1295-D: Deprecated declaration delay - give arg types
Blink.c(4): warning:  #951-D: return type of function "main" must be "int"
Blink.c(6): warning:  #177-D: variable "i" was declared but never referenced
linking...
Program Size: Code=816 RO-data=16 RW-data=0 ZI-data=1256  
FromELF: creating hex file...
"Blink.axf" - 0 Error(s), 3 Warning(s).
Build target 'Target 1'
assembling Startup.s...
compiling Blink.c...
Blink.c(2): warning:  #1295-D: Deprecated declaration delay - give arg types
Blink.c(4): warning:  #951-D: return type of function "main" must be "int"
linking...
Program Size: Code=840 RO-data=16 RW-data=0 ZI-data=1256  
FromELF: creating hex file...
"Blink.axf" - 0 Error(s), 2 Warning(s).
