<html>
<body>
<pre>
<h1>µVision Build Log</h1>
<h2>Project:</h2>
D:\Students\aswin\ARM\Timer0\Timer0.uvproj
Project File Date:  07/18/2017

<h2>Output:</h2>
Build target 'Target 1'
assembling Startup.s...
compiling Timer0.c...
Timer0.c(2): warning:  #1295-D: Deprecated declaration timer - give arg types
Timer0.c(4): warning:  #951-D: return type of function "main" must be "int"
Timer0.c(27): warning:  #1-D: last line of file ends without a newline
linking...
Program Size: Code=852 RO-data=16 RW-data=0 ZI-data=1256  
FromELF: creating hex file...
"Timer0.axf" - 0 Error(s), 3 Warning(s).
Build target 'Target 1'
assembling Startup.s...
compiling Timer0.c...
Timer0.c(2): warning:  #1295-D: Deprecated declaration timer - give arg types
Timer0.c(4): warning:  #951-D: return type of function "main" must be "int"
Timer0.c(27): warning:  #1-D: last line of file ends without a newline
linking...
Program Size: Code=852 RO-data=16 RW-data=0 ZI-data=1256  
FromELF: creating hex file...
"Timer0.axf" - 0 Error(s), 3 Warning(s).
Build target 'Target 1'
assembling Startup.s...
compiling Timer0.c...
Timer0.c(2): warning:  #1295-D: Deprecated declaration timer - give arg types
Timer0.c(4): warning:  #951-D: return type of function "main" must be "int"
Timer0.c(26): warning:  #1-D: last line of file ends without a newline
linking...
Program Size: Code=852 RO-data=16 RW-data=0 ZI-data=1256  
FromELF: creating hex file...
"Timer0.axf" - 0 Error(s), 3 Warning(s).
Build target 'Target 1'
assembling Startup.s...
compiling Timer0.c...
Timer0.c(2): warning:  #1295-D: Deprecated declaration timer - give arg types
Timer0.c(4): warning:  #951-D: return type of function "main" must be "int"
Timer0.c(27): warning:  #1-D: last line of file ends without a newline
linking...
Program Size: Code=852 RO-data=16 RW-data=0 ZI-data=1256  
FromELF: creating hex file...
"Timer0.axf" - 0 Error(s), 3 Warning(s).
